[0/2] Re-checking globbed directories...
[1/664] Building CXX object src/CMakeFiles/crc32c.dir/crc32c/src/crc32c_portable.cc.o
[2/664] Generating bitcoin-build-info.h
[3/664] Building CXX object src/CMakeFiles/crc32c.dir/crc32c/src/crc32c_sse42.cc.o
[4/664] Building CXX object src/CMakeFiles/crc32c.dir/crc32c/src/crc32c.cc.o
[5/664] Building CXX object src/CMakeFiles/leveldb.dir/leveldb/db/builder.cc.o
[6/664] Generating node/data/ip_asn.dat.h
[7/664] Building CXX object src/CMakeFiles/leveldb.dir/leveldb/db/db_iter.cc.o
[8/664] Building CXX object src/ipc/libmultiprocess/CMakeFiles/mputil.dir/src/mp/util.cpp.o
[9/664] Compiling Cap'n Proto schema include/mp/proxy.capnp
[10/664] Building CXX object src/ipc/libmultiprocess/CMakeFiles/multiprocess.dir/include/mp/proxy.capnp.c++.o
[11/664] Building CXX object src/CMakeFiles/leveldb.dir/leveldb/db/dbformat.cc.o
[12/664] Building CXX object src/CMakeFiles/leveldb.dir/leveldb/db/log_reader.cc.o
[13/664] Building CXX object src/CMakeFiles/leveldb.dir/leveldb/db/filename.cc.o
[14/664] Building CXX object src/CMakeFiles/leveldb.dir/leveldb/db/db_impl.cc.o
[15/664] Building CXX object src/ipc/libmultiprocess/CMakeFiles/mpgen.dir/src/mp/gen.cpp.o
[16/664] Linking CXX executable src/ipc/libmultiprocess/mpgen
[17/664] Generating capnp/common.capnp.c++, capnp/common.capnp.h, capnp/common.capnp.proxy-client.c++, capnp/common.capnp.proxy-types.h, capnp/common.capnp.proxy-server.c++, capnp/common.capnp.proxy-types.c++, capnp/common.capnp.proxy.h
[18/664] Generating capnp/echo.capnp.c++, capnp/echo.capnp.h, capnp/echo.capnp.proxy-client.c++, capnp/echo.capnp.proxy-types.h, capnp/echo.capnp.proxy-server.c++, capnp/echo.capnp.proxy-types.c++, capnp/echo.capnp.proxy.h
[19/664] Generating capnp/init.capnp.c++, capnp/init.capnp.h, capnp/init.capnp.proxy-client.c++, capnp/init.capnp.proxy-types.h, capnp/init.capnp.proxy-server.c++, capnp/init.capnp.proxy-types.c++, capnp/init.capnp.proxy.h
[20/664] Generating capnp/mining.capnp.c++, capnp/mining.capnp.h, capnp/mining.capnp.proxy-client.c++, capnp/mining.capnp.proxy-types.h, capnp/mining.capnp.proxy-server.c++, capnp/mining.capnp.proxy-types.c++, capnp/mining.capnp.proxy.h
[21/664] Building CXX object src/CMakeFiles/leveldb.dir/leveldb/db/log_writer.cc.o
[22/664] Generating test/ipc_test.capnp.c++, test/ipc_test.capnp.h, test/ipc_test.capnp.proxy-client.c++, test/ipc_test.capnp.proxy-types.h, test/ipc_test.capnp.proxy-server.c++, test/ipc_test.capnp.proxy-types.c++, test/ipc_test.capnp.proxy.h
[23/664] Building CXX object src/CMakeFiles/leveldb.dir/leveldb/db/memtable.cc.o
[24/664] Building CXX object src/CMakeFiles/leveldb.dir/leveldb/db/table_cache.cc.o
[25/664] Building CXX object src/CMakeFiles/leveldb.dir/leveldb/db/repair.cc.o
[26/664] Building CXX object src/CMakeFiles/leveldb.dir/leveldb/db/version_edit.cc.o
[27/664] Building CXX object src/CMakeFiles/leveldb.dir/leveldb/db/write_batch.cc.o
[28/664] Building CXX object src/CMakeFiles/leveldb.dir/leveldb/table/block.cc.o
[29/664] Building CXX object src/ipc/libmultiprocess/CMakeFiles/multiprocess.dir/src/mp/proxy.cpp.o
[30/664] Building CXX object src/CMakeFiles/leveldb.dir/leveldb/table/iterator.cc.o
[31/664] Building CXX object src/CMakeFiles/leveldb.dir/leveldb/table/block_builder.cc.o
[32/664] Building CXX object src/CMakeFiles/leveldb.dir/leveldb/table/filter_block.cc.o
[33/664] Building CXX object src/CMakeFiles/leveldb.dir/leveldb/table/format.cc.o
[34/664] Building CXX object src/CMakeFiles/leveldb.dir/leveldb/db/version_set.cc.o
[35/664] Building CXX object src/CMakeFiles/leveldb.dir/leveldb/util/arena.cc.o
[36/664] Building CXX object src/CMakeFiles/leveldb.dir/leveldb/table/merger.cc.o
[37/664] Building CXX object src/CMakeFiles/leveldb.dir/leveldb/table/two_level_iterator.cc.o
[38/664] Building CXX object src/CMakeFiles/leveldb.dir/leveldb/util/bloom.cc.o
[39/664] Building CXX object src/CMakeFiles/leveldb.dir/leveldb/table/table.cc.o
[40/664] Building CXX object src/CMakeFiles/leveldb.dir/leveldb/table/table_builder.cc.o
[41/664] Building CXX object src/CMakeFiles/leveldb.dir/leveldb/util/cache.cc.o
[42/664] Building CXX object src/CMakeFiles/leveldb.dir/leveldb/util/coding.cc.o
[43/664] Building CXX object src/CMakeFiles/leveldb.dir/leveldb/util/crc32c.cc.o
[44/664] Building CXX object src/CMakeFiles/leveldb.dir/leveldb/util/env.cc.o
[45/664] Building CXX object src/CMakeFiles/leveldb.dir/leveldb/util/comparator.cc.o
[46/664] Building CXX object src/CMakeFiles/leveldb.dir/leveldb/util/filter_policy.cc.o
[47/664] Building CXX object src/CMakeFiles/leveldb.dir/leveldb/util/hash.cc.o
[48/664] Building CXX object src/CMakeFiles/leveldb.dir/leveldb/util/options.cc.o
[49/664] Building CXX object src/CMakeFiles/minisketch.dir/minisketch/src/fields/generic_1byte.cpp.o
[50/664] Building CXX object src/CMakeFiles/minisketch.dir/minisketch/src/fields/generic_2bytes.cpp.o
[51/664] Building CXX object src/CMakeFiles/minisketch.dir/minisketch/src/fields/generic_3bytes.cpp.o
[52/664] Building CXX object src/CMakeFiles/leveldb.dir/leveldb/util/logging.cc.o
[53/664] Building CXX object src/CMakeFiles/leveldb.dir/leveldb/util/status.cc.o
[54/664] Building CXX object src/CMakeFiles/minisketch.dir/minisketch/src/fields/generic_5bytes.cpp.o
[55/664] Building CXX object src/CMakeFiles/minisketch.dir/minisketch/src/fields/generic_6bytes.cpp.o
[56/664] Building CXX object src/CMakeFiles/minisketch.dir/minisketch/src/fields/generic_7bytes.cpp.o
[57/664] Building CXX object src/CMakeFiles/minisketch.dir/minisketch/src/fields/generic_8bytes.cpp.o
[58/664] Building CXX object src/CMakeFiles/minisketch.dir/minisketch/src/fields/clmul_1byte.cpp.o
[59/664] Building CXX object src/CMakeFiles/minisketch.dir/minisketch/src/fields/clmul_2bytes.cpp.o
[60/664] Building CXX object src/CMakeFiles/minisketch.dir/minisketch/src/fields/clmul_3bytes.cpp.o
[61/664] Building CXX object src/CMakeFiles/minisketch.dir/minisketch/src/fields/clmul_5bytes.cpp.o
[62/664] Building CXX object src/CMakeFiles/leveldb.dir/leveldb/util/env_posix.cc.o
[63/664] Building CXX object src/CMakeFiles/minisketch.dir/minisketch/src/fields/clmul_6bytes.cpp.o
[64/664] Building CXX object src/CMakeFiles/minisketch.dir/minisketch/src/fields/clmul_7bytes.cpp.o
[65/664] Building CXX object src/CMakeFiles/minisketch.dir/minisketch/src/fields/clmul_8bytes.cpp.o
[66/664] Building CXX object src/CMakeFiles/minisketch.dir/minisketch/src/minisketch.cpp.o
[67/664] Building CXX object src/CMakeFiles/leveldb.dir/leveldb/helpers/memenv/memenv.cc.o
[68/664] Building CXX object src/CMakeFiles/bitcoin_consensus.dir/arith_uint256.cpp.o
[69/664] Building CXX object src/CMakeFiles/minisketch.dir/minisketch/src/fields/generic_4bytes.cpp.o
[70/664] Building CXX object src/CMakeFiles/bitcoin_consensus.dir/pocx/consensus/proof.cpp.o
[71/664] Building CXX object src/CMakeFiles/bitcoin_consensus.dir/pocx/consensus/params.cpp.o
[72/664] Building CXX object src/CMakeFiles/bitcoin_consensus.dir/pocx/algorithms/time_bending.cpp.o
[73/664] Building CXX object src/CMakeFiles/bitcoin_clientversion.dir/clientversion.cpp.o
[74/664] Building CXX object src/CMakeFiles/minisketch.dir/minisketch/src/fields/clmul_4bytes.cpp.o
[75/664] Building CXX object src/CMakeFiles/bitcoin_consensus.dir/pocx/algorithms/plot_generation.cpp.o
[76/664] Building CXX object src/CMakeFiles/bitcoin_consensus.dir/pocx/algorithms/quality.cpp.o
[77/664] Building CXX object src/CMakeFiles/bitcoin_consensus.dir/pocx/algorithms/encoding.cpp.o
[78/664] Building CXX object src/CMakeFiles/bitcoin_consensus.dir/consensus/merkle.cpp.o
[79/664] Building CXX object src/CMakeFiles/bitcoin_consensus.dir/pocx/consensus/batch_validation.cpp.o
[80/664] Building CXX object src/CMakeFiles/bitcoin_consensus.dir/pocx/consensus/signature.cpp.o
[81/664] Building CXX object src/CMakeFiles/bitcoin_consensus.dir/hash.cpp.o
[82/664] Building CXX object src/CMakeFiles/bitcoin_consensus.dir/pocx/assignments/assignment_state.cpp.o
[83/664] Building CXX object src/CMakeFiles/bitcoin_consensus.dir/consensus/tx_check.cpp.o
[84/664] Building CXX object src/CMakeFiles/bitcoin_consensus.dir/pocx/assignments/opcodes.cpp.o
[85/664] Building CXX object src/CMakeFiles/bitcoin_consensus.dir/pubkey.cpp.o
[86/664] Building CXX object src/CMakeFiles/bitcoin_consensus.dir/script/script_error.cpp.o
[87/664] Building CXX object src/CMakeFiles/bitcoin_consensus.dir/primitives/block.cpp.o
[88/664] Building CXX object src/CMakeFiles/bitcoin_consensus.dir/primitives/transaction.cpp.o
[89/664] Building CXX object src/CMakeFiles/bitcoin_consensus.dir/uint256.cpp.o
[90/664] Building CXX object src/CMakeFiles/bitcoin_consensus.dir/script/script.cpp.o
[91/664] Building CXX object src/CMakeFiles/bitcoin_common.dir/base58.cpp.o
[92/664] Building CXX object src/CMakeFiles/bitcoin_common.dir/bech32.cpp.o
[93/664] Building CXX object src/CMakeFiles/bitcoin_common.dir/addresstype.cpp.o
[94/664] Building CXX object src/CMakeFiles/bitcoin_common.dir/chainparamsbase.cpp.o
[95/664] Building CXX object src/CMakeFiles/bitcoin_common.dir/chain.cpp.o
[96/664] Building CXX object src/CMakeFiles/bitcoin_consensus.dir/script/interpreter.cpp.o
[97/664] Building CXX object src/CMakeFiles/bitcoin_common.dir/chainparams.cpp.o
[98/664] Building CXX object src/CMakeFiles/bitcoin_common.dir/common/bloom.cpp.o
[99/664] Building CXX object src/CMakeFiles/bitcoin_common.dir/coins.cpp.o
[100/664] Building CXX object src/CMakeFiles/bitcoin_common.dir/common/interfaces.cpp.o
[101/664] Building CXX object src/CMakeFiles/bitcoin_common.dir/common/args.cpp.o
[102/664] Building CXX object src/CMakeFiles/bitcoin_common.dir/common/init.cpp.o
[103/664] Building CXX object src/CMakeFiles/bitcoin_common.dir/common/config.cpp.o
[104/664] Building CXX object src/CMakeFiles/bitcoin_common.dir/common/messages.cpp.o
[105/664] Building CXX object src/CMakeFiles/bitcoin_common.dir/common/netif.cpp.o
[106/664] Building CXX object src/CMakeFiles/bitcoin_common.dir/common/url.cpp.o
[107/664] Building CXX object src/CMakeFiles/bitcoin_common.dir/common/settings.cpp.o
[108/664] Building CXX object src/CMakeFiles/bitcoin_common.dir/common/signmessage.cpp.o
[109/664] Building CXX object src/CMakeFiles/bitcoin_common.dir/common/run_command.cpp.o
[110/664] Building CXX object src/CMakeFiles/bitcoin_common.dir/common/pcp.cpp.o
[111/664] Building CXX object src/CMakeFiles/bitcoin_common.dir/compressor.cpp.o
[112/664] Building CXX object src/CMakeFiles/bitcoin_common.dir/common/system.cpp.o
[113/664] Building CXX object src/CMakeFiles/bitcoin_common.dir/deploymentinfo.cpp.o
[114/664] Building CXX object src/CMakeFiles/bitcoin_common.dir/key.cpp.o
[115/664] Building CXX object src/CMakeFiles/bitcoin_common.dir/init/common.cpp.o
[116/664] Building CXX object src/CMakeFiles/bitcoin_common.dir/key_io.cpp.o
[117/664] Building CXX object src/CMakeFiles/bitcoin_common.dir/kernel/chainparams.cpp.o
[118/664] Building CXX object src/CMakeFiles/bitcoin_common.dir/musig.cpp.o
[119/664] Building CXX object src/CMakeFiles/bitcoin_common.dir/core_io.cpp.o
[120/664] Building CXX object src/CMakeFiles/bitcoin_common.dir/merkleblock.cpp.o
[121/664] Building CXX object src/CMakeFiles/bitcoin_common.dir/external_signer.cpp.o
[122/664] Building CXX object src/CMakeFiles/bitcoin_common.dir/net_permissions.cpp.o
[123/664] Building CXX object src/CMakeFiles/bitcoin_common.dir/net_types.cpp.o
[124/664] Building CXX object src/CMakeFiles/bitcoin_common.dir/policy/feerate.cpp.o
[125/664] Building CXX object src/CMakeFiles/bitcoin_common.dir/netaddress.cpp.o
[126/664] Building CXX object src/CMakeFiles/bitcoin_common.dir/outputtype.cpp.o
[127/664] Building CXX object src/CMakeFiles/bitcoin_common.dir/netbase.cpp.o
[128/664] Building CXX object src/CMakeFiles/bitcoin_common.dir/policy/policy.cpp.o
[129/664] Building CXX object src/CMakeFiles/bitcoin_common.dir/protocol.cpp.o
[130/664] Building CXX object src/CMakeFiles/bitcoin_common.dir/scheduler.cpp.o
[131/664] Building CXX object src/CMakeFiles/bitcoin_common.dir/rpc/request.cpp.o
[132/664] Building CXX object src/CMakeFiles/bitcoin_common.dir/script/parsing.cpp.o
[133/664] Building CXX object src/CMakeFiles/bitcoin_common.dir/script/miniscript.cpp.o
[134/664] Building CXX object src/CMakeFiles/bitcoin_common.dir/rpc/rawtransaction_util.cpp.o
[135/664] Building CXX object src/CMakeFiles/bitcoin_common.dir/rpc/util.cpp.o
[136/664] Building CXX object src/CMakeFiles/bitcoin_common.dir/script/solver.cpp.o
[137/664] Building CXX object src/CMakeFiles/bitcoin_common.dir/psbt.cpp.o
[138/664] Building CXX object src/CMakeFiles/bitcoin_common.dir/script/signingprovider.cpp.o
[139/664] Building CXX object src/CMakeFiles/bitcoin_node.dir/banman.cpp.o
[140/664] Building CXX object src/CMakeFiles/bitcoin_node.dir/addrdb.cpp.o
[141/664] Building CXX object src/CMakeFiles/bitcoin_node.dir/bip324.cpp.o
[142/664] Building CXX object src/CMakeFiles/bitcoin_node.dir/addrman.cpp.o
[143/664] Building CXX object src/CMakeFiles/bitcoin_node.dir/blockfilter.cpp.o
[144/664] Building CXX object src/CMakeFiles/bitcoin_node.dir/consensus/tx_verify.cpp.o
[145/664] Building CXX object src/CMakeFiles/bitcoin_common.dir/script/sign.cpp.o
[146/664] Building CXX object src/CMakeFiles/bitcoin_common.dir/script/descriptor.cpp.o
[147/664] Building CXX object src/CMakeFiles/bitcoin_node.dir/deploymentstatus.cpp.o
[148/664] Building CXX object src/CMakeFiles/bitcoin_node.dir/dbwrapper.cpp.o
[149/664] Building CXX object src/CMakeFiles/bitcoin_node.dir/flatfile.cpp.o
[150/664] Building CXX object src/CMakeFiles/bitcoin_node.dir/blockencodings.cpp.o
[151/664] Building CXX object src/CMakeFiles/bitcoin_node.dir/headerssync.cpp.o
[152/664] Building CXX object src/CMakeFiles/bitcoin_node.dir/httprpc.cpp.o
[153/664] Building CXX object src/CMakeFiles/bitcoin_node.dir/i2p.cpp.o
[154/664] Building CXX object src/CMakeFiles/bitcoin_node.dir/httpserver.cpp.o
[155/664] Building CXX object src/CMakeFiles/bitcoin_node.dir/index/blockfilterindex.cpp.o
[156/664] Building CXX object src/CMakeFiles/bitcoin_node.dir/index/base.cpp.o
[157/664] Building CXX object src/CMakeFiles/bitcoin_node.dir/kernel/chain.cpp.o
[158/664] Building CXX object src/CMakeFiles/bitcoin_node.dir/kernel/checks.cpp.o
[159/664] Building CXX object src/CMakeFiles/bitcoin_node.dir/index/coinstatsindex.cpp.o
[160/664] Building CXX object src/CMakeFiles/bitcoin_node.dir/kernel/context.cpp.o
[161/664] Building CXX object src/CMakeFiles/bitcoin_node.dir/kernel/cs_main.cpp.o
[162/664] Building CXX object src/CMakeFiles/bitcoin_node.dir/kernel/mempool_removal_reason.cpp.o
[163/664] Building CXX object src/CMakeFiles/bitcoin_node.dir/index/txindex.cpp.o
[164/664] Building CXX object src/CMakeFiles/bitcoin_node.dir/index/txospenderindex.cpp.o
[165/664] Building CXX object src/CMakeFiles/bitcoin_node.dir/kernel/disconnected_transactions.cpp.o
[166/664] Building CXX object src/CMakeFiles/bitcoin_node.dir/kernel/coinstats.cpp.o
[167/664] Building CXX object src/CMakeFiles/bitcoin_node.dir/mapport.cpp.o
[168/664] Building CXX object src/CMakeFiles/bitcoin_node.dir/netgroup.cpp.o
[169/664] Building CXX object src/CMakeFiles/bitcoin_node.dir/node/abort.cpp.o
[170/664] Building CXX object src/CMakeFiles/bitcoin_node.dir/node/caches.cpp.o
[171/664] Building CXX object src/CMakeFiles/bitcoin_node.dir/node/blockmanager_args.cpp.o
[172/664] Building CXX object src/CMakeFiles/bitcoin_node.dir/net.cpp.o
[173/664] Building CXX object src/CMakeFiles/bitcoin_node.dir/node/chainstate.cpp.o
[174/664] Building CXX object src/CMakeFiles/bitcoin_node.dir/node/chainstatemanager_args.cpp.o
[175/664] Building CXX object src/CMakeFiles/bitcoin_node.dir/node/blockstorage.cpp.o
[176/664] Building CXX object src/CMakeFiles/bitcoin_node.dir/node/connection_types.cpp.o
[177/664] Building CXX object src/CMakeFiles/bitcoin_node.dir/node/coins_view_args.cpp.o
[178/664] Building CXX object src/CMakeFiles/bitcoin_node.dir/node/database_args.cpp.o
[179/664] Building CXX object src/CMakeFiles/bitcoin_node.dir/node/coin.cpp.o
[180/664] Building CXX object src/CMakeFiles/bitcoin_node.dir/node/eviction.cpp.o
[181/664] Building CXX object src/CMakeFiles/bitcoin_node.dir/init.cpp.o
[182/664] Building CXX object src/CMakeFiles/bitcoin_node.dir/net_processing.cpp.o
[183/664] Building CXX object src/CMakeFiles/bitcoin_node.dir/node/context.cpp.o
[184/664] Building CXX object src/CMakeFiles/bitcoin_node.dir/node/kernel_notifications.cpp.o
[185/664] Building CXX object src/CMakeFiles/bitcoin_node.dir/node/mempool_args.cpp.o
[186/664] Building CXX object src/CMakeFiles/bitcoin_node.dir/node/interface_ui.cpp.o
[187/664] Building CXX object src/CMakeFiles/bitcoin_node.dir/node/mempool_persist_args.cpp.o
[188/664] Building CXX object src/CMakeFiles/bitcoin_node.dir/node/mempool_persist.cpp.o
[189/664] Building CXX object src/CMakeFiles/bitcoin_node.dir/node/minisketchwrapper.cpp.o
[190/664] Building CXX object src/CMakeFiles/bitcoin_node.dir/node/interfaces.cpp.o
[191/664] Building CXX object src/CMakeFiles/bitcoin_node.dir/node/miner.cpp.o
[192/664] Building CXX object src/CMakeFiles/bitcoin_node.dir/node/mini_miner.cpp.o
[193/664] Building CXX object src/CMakeFiles/bitcoin_node.dir/node/peerman_args.cpp.o
[194/664] Building CXX object src/CMakeFiles/bitcoin_node.dir/node/timeoffsets.cpp.o
[195/664] Building CXX object src/CMakeFiles/bitcoin_node.dir/node/psbt.cpp.o
[196/664] Building CXX object src/CMakeFiles/bitcoin_node.dir/node/txreconciliation.cpp.o
[197/664] Building CXX object src/CMakeFiles/bitcoin_node.dir/node/warnings.cpp.o
[198/664] Building CXX object src/CMakeFiles/bitcoin_node.dir/node/transaction.cpp.o
[199/664] Building CXX object src/CMakeFiles/bitcoin_node.dir/node/txorphanage.cpp.o
[200/664] Building CXX object src/CMakeFiles/bitcoin_node.dir/node/utxo_snapshot.cpp.o
[201/664] Building CXX object src/CMakeFiles/bitcoin_node.dir/node/txdownloadman_impl.cpp.o
[202/664] Building CXX object src/CMakeFiles/bitcoin_node.dir/policy/fees/block_policy_estimator_args.cpp.o
[203/664] Building CXX object src/CMakeFiles/bitcoin_node.dir/noui.cpp.o
[204/664] Building CXX object src/CMakeFiles/bitcoin_node.dir/policy/settings.cpp.o
[205/664] Building CXX object src/CMakeFiles/bitcoin_node.dir/policy/ephemeral_policy.cpp.o
[206/664] Building CXX object src/CMakeFiles/bitcoin_node.dir/policy/packages.cpp.o
[207/664] Building CXX object src/CMakeFiles/bitcoin_node.dir/policy/fees/block_policy_estimator.cpp.o
[208/664] Building CXX object src/CMakeFiles/bitcoin_node.dir/policy/rbf.cpp.o
[209/664] Building CXX object src/CMakeFiles/bitcoin_node.dir/private_broadcast.cpp.o
[210/664] Building CXX object src/CMakeFiles/bitcoin_node.dir/policy/truc_policy.cpp.o
[211/664] Building CXX object src/CMakeFiles/bitcoin_node.dir/rpc/external_signer.cpp.o
[212/664] Building CXX object src/CMakeFiles/bitcoin_node.dir/rpc/fees.cpp.o
[213/664] Building CXX object src/CMakeFiles/bitcoin_node.dir/rest.cpp.o
[214/664] Building CXX object src/CMakeFiles/bitcoin_node.dir/rpc/node.cpp.o
[215/664] Building CXX object src/CMakeFiles/bitcoin_node.dir/rpc/mining.cpp.o
[216/664] Building CXX object src/CMakeFiles/bitcoin_node.dir/rpc/mempool.cpp.o
[217/664] Building CXX object src/CMakeFiles/bitcoin_node.dir/rpc/net.cpp.o
[218/664] Building CXX object src/CMakeFiles/bitcoin_node.dir/rpc/blockchain.cpp.o
[219/664] Building CXX object src/CMakeFiles/bitcoin_node.dir/pocx/rpc/mining.cpp.o
[220/664] Building CXX object src/CMakeFiles/bitcoin_node.dir/rpc/output_script.cpp.o
[221/664] Building CXX object src/CMakeFiles/bitcoin_node.dir/pocx/rpc/assignments.cpp.o
[222/664] Building CXX object src/CMakeFiles/bitcoin_node.dir/rpc/signmessage.cpp.o
[223/664] Building CXX object src/CMakeFiles/bitcoin_node.dir/script/sigcache.cpp.o
[224/664] Building CXX object src/CMakeFiles/bitcoin_node.dir/rpc/server_util.cpp.o
[225/664] Building CXX object src/CMakeFiles/bitcoin_node.dir/rpc/server.cpp.o
[226/664] Building CXX object src/CMakeFiles/bitcoin_node.dir/rpc/txoutproof.cpp.o
[227/664] Building CXX object src/CMakeFiles/bitcoin_node.dir/signet.cpp.o
[228/664] Building CXX object src/CMakeFiles/bitcoin_node.dir/torcontrol.cpp.o
[229/664] Building CXX object src/CMakeFiles/bitcoin_node.dir/txdb.cpp.o
[230/664] Building CXX object src/CMakeFiles/bitcoin_node.dir/txrequest.cpp.o
[231/664] Building CXX object src/CMakeFiles/bitcoin_node.dir/rpc/rawtransaction.cpp.o
[232/664] Building CXX object src/CMakeFiles/bitcoin_node.dir/txgraph.cpp.o
[233/664] Building CXX object src/CMakeFiles/bitcoin_node.dir/txmempool.cpp.o
[234/664] Building CXX object src/CMakeFiles/bitcoin_node.dir/validationinterface.cpp.o
[235/664] Building CXX object src/CMakeFiles/bitcoin_node.dir/versionbits.cpp.o
[236/664] Building CXX object src/CMakeFiles/bitcoin_node.dir/pocx/consensus/difficulty.cpp.o
[237/664] Building CXX object src/CMakeFiles/bitcoin_node.dir/pocx/mining/defensive_forge.cpp.o
[238/664] Building CXX object src/CMakeFiles/bitcoin_node.dir/pocx/assignments/replay.cpp.o
[239/664] Building CXX object src/CMakeFiles/bitcoin_node.dir/pocx/mining/block_context.cpp.o
[240/664] Building CXX object src/CMakeFiles/bitcoin_node.dir/pocx/mining/key_signing.cpp.o
[241/664] Building CXX object src/CMakeFiles/bitcoin_node.dir/pocx/mining/block_signing.cpp.o
[242/664] Building CXX object src/CMakeFiles/bitcoin_node.dir/pocx/regtest/forging.cpp.o
[243/664] Building CXX object src/CMakeFiles/bitcoin_cli.dir/compat/stdin.cpp.o
[244/664] Building CXX object src/CMakeFiles/bitcoin_node.dir/wallet/init.cpp.o
[245/664] Building CXX object src/CMakeFiles/bitcoin_node.dir/pocx/mining/submission.cpp.o
[246/664] Building CXX object src/univalue/CMakeFiles/univalue.dir/lib/univalue.cpp.o
[247/664] Building CXX object src/univalue/CMakeFiles/univalue.dir/lib/univalue_get.cpp.o
[248/664] Building CXX object src/univalue/CMakeFiles/univalue.dir/lib/univalue_write.cpp.o
[249/664] Linking CXX static library src/ipc/libmultiprocess/libmultiprocess.a
[250/664] Building CXX object src/CMakeFiles/bitcoin_cli.dir/rpc/client.cpp.o
[251/664] Building CXX object src/univalue/CMakeFiles/univalue.dir/lib/univalue_read.cpp.o
[252/664] Building C object src/secp256k1/src/CMakeFiles/secp256k1_precomputed.dir/precomputed_ecmult_gen.c.o
[253/664] Building CXX object src/crypto/CMakeFiles/bitcoin_crypto.dir/aes.cpp.o
[254/664] Building CXX object src/crypto/CMakeFiles/bitcoin_crypto.dir/chacha20.cpp.o
[255/664] Building CXX object src/crypto/CMakeFiles/bitcoin_crypto.dir/chacha20poly1305.cpp.o
[256/664] Building CXX object src/crypto/CMakeFiles/bitcoin_crypto.dir/hex_base.cpp.o
[257/664] Building C object src/secp256k1/src/CMakeFiles/secp256k1_precomputed.dir/precomputed_ecmult.c.o
[258/664] Building CXX object src/crypto/CMakeFiles/bitcoin_crypto.dir/hkdf_sha256_32.cpp.o
[259/664] Building CXX object src/crypto/CMakeFiles/bitcoin_crypto.dir/hmac_sha512.cpp.o
[260/664] Building CXX object src/crypto/CMakeFiles/bitcoin_crypto.dir/hmac_sha256.cpp.o
[261/664] Building CXX object src/crypto/CMakeFiles/bitcoin_crypto.dir/poly1305.cpp.o
[262/664] Building CXX object src/crypto/CMakeFiles/bitcoin_crypto.dir/ripemd160.cpp.o
[263/664] Building CXX object src/CMakeFiles/bitcoin_node.dir/pocx/mining/block_builder.cpp.o
[264/664] Building CXX object src/crypto/CMakeFiles/bitcoin_crypto.dir/sha1.cpp.o
[265/664] Building CXX object src/crypto/CMakeFiles/bitcoin_crypto.dir/sha256_sse4.cpp.o
[266/664] Building CXX object src/crypto/CMakeFiles/bitcoin_crypto.dir/muhash.cpp.o
[267/664] Building CXX object src/crypto/CMakeFiles/bitcoin_crypto.dir/sha3.cpp.o
[268/664] Building C object src/secp256k1/src/CMakeFiles/secp256k1.dir/secp256k1.c.o
[269/664] Building CXX object src/CMakeFiles/bitcoin_node.dir/pocx/mining/scheduler.cpp.o
[270/664] Building CXX object src/crypto/CMakeFiles/bitcoin_crypto.dir/sha512.cpp.o
[271/664] Building CXX object src/crypto/CMakeFiles/bitcoin_crypto.dir/__/support/cleanse.cpp.o
[272/664] Building CXX object src/crypto/CMakeFiles/bitcoin_crypto.dir/__/pocx/crypto/shabal256_lite.cpp.o
[273/664] Building CXX object src/crypto/CMakeFiles/bitcoin_crypto.dir/__/pocx/crypto/shabal256.cpp.o
[274/664] Building CXX object src/crypto/CMakeFiles/bitcoin_crypto.dir/sha256.cpp.o
[275/664] Building CXX object src/crypto/CMakeFiles/bitcoin_crypto.dir/__/pocx/crypto/shabal256_sse2.cpp.o
[276/664] Building CXX object src/crypto/CMakeFiles/bitcoin_crypto.dir/siphash.cpp.o
[277/664] Building CXX object src/crypto/CMakeFiles/bitcoin_crypto.dir/__/pocx/crypto/shabal256_avx2.cpp.o
[278/664] Building CXX object src/crypto/CMakeFiles/bitcoin_crypto.dir/sha256_x86_shani.cpp.o
[279/664] Building CXX object src/util/CMakeFiles/bitcoin_util.dir/batchpriority.cpp.o
[280/664] Building CXX object src/CMakeFiles/bitcoin_node.dir/validation.cpp.o
[281/664] Building CXX object src/crypto/CMakeFiles/bitcoin_crypto.dir/sha256_avx2.cpp.o
[282/664] Building CXX object src/crypto/CMakeFiles/bitcoin_crypto.dir/sha256_sse41.cpp.o
[283/664] Building CXX object src/util/CMakeFiles/bitcoin_util.dir/chaintype.cpp.o
[284/664] Building CXX object src/util/CMakeFiles/bitcoin_util.dir/bip32.cpp.o
[285/664] Building CXX object src/util/CMakeFiles/bitcoin_util.dir/asmap.cpp.o
[286/664] Building CXX object src/util/CMakeFiles/bitcoin_util.dir/feefrac.cpp.o
[287/664] Building CXX object src/util/CMakeFiles/bitcoin_util.dir/bytevectorhash.cpp.o
[288/664] Building CXX object src/util/CMakeFiles/bitcoin_util.dir/check.cpp.o
[289/664] Building CXX object src/util/CMakeFiles/bitcoin_util.dir/exception.cpp.o
[290/664] Building CXX object src/util/CMakeFiles/bitcoin_util.dir/fs.cpp.o
[291/664] Building CXX object src/util/CMakeFiles/bitcoin_util.dir/exec.cpp.o
[292/664] Building CXX object src/util/CMakeFiles/bitcoin_util.dir/serfloat.cpp.o
[293/664] Building CXX object src/util/CMakeFiles/bitcoin_util.dir/moneystr.cpp.o
[294/664] Building CXX object src/util/CMakeFiles/bitcoin_util.dir/signalinterrupt.cpp.o
[295/664] Building CXX object src/util/CMakeFiles/bitcoin_util.dir/rbf.cpp.o
[296/664] Building CXX object src/util/CMakeFiles/bitcoin_util.dir/readwritefile.cpp.o
[297/664] Building CXX object src/util/CMakeFiles/bitcoin_util.dir/hasher.cpp.o
[298/664] Building CXX object src/util/CMakeFiles/bitcoin_util.dir/fs_helpers.cpp.o
[299/664] Building CXX object src/util/CMakeFiles/bitcoin_util.dir/syserror.cpp.o
[300/664] Building CXX object src/util/CMakeFiles/bitcoin_util.dir/strencodings.cpp.o
[301/664] Building CXX object src/util/CMakeFiles/bitcoin_util.dir/thread.cpp.o
[302/664] Building CXX object src/util/CMakeFiles/bitcoin_util.dir/tokenpipe.cpp.o
[303/664] Building CXX object src/util/CMakeFiles/bitcoin_util.dir/threadinterrupt.cpp.o
[304/664] Building CXX object src/util/CMakeFiles/bitcoin_util.dir/threadnames.cpp.o
[305/664] Building CXX object src/util/CMakeFiles/bitcoin_util.dir/sock.cpp.o
[306/664] Building CXX object src/util/CMakeFiles/bitcoin_util.dir/__/randomenv.cpp.o
[307/664] Building CXX object src/util/CMakeFiles/bitcoin_util.dir/time.cpp.o
[308/664] Building CXX object src/util/CMakeFiles/bitcoin_util.dir/__/streams.cpp.o
[309/664] Building CXX object src/util/CMakeFiles/bitcoin_util.dir/string.cpp.o
[310/664] Building CXX object src/util/CMakeFiles/bitcoin_util.dir/__/random.cpp.o
[311/664] Building CXX object src/util/CMakeFiles/bitcoin_util.dir/__/sync.cpp.o
[312/664] Building CXX object src/util/CMakeFiles/bitcoin_util.dir/__/support/lockedpool.cpp.o
[313/664] Building CXX object src/ipc/CMakeFiles/bitcoin_ipc.dir/capnp/common.capnp.c++.o
[314/664] Building CXX object src/util/CMakeFiles/bitcoin_util.dir/__/logging.cpp.o
[315/664] Building CXX object src/ipc/CMakeFiles/bitcoin_ipc.dir/capnp/common.capnp.proxy-client.c++.o
[316/664] Building CXX object src/ipc/CMakeFiles/bitcoin_ipc.dir/capnp/common.capnp.proxy-server.c++.o
[317/664] Building CXX object src/ipc/CMakeFiles/bitcoin_ipc.dir/interfaces.cpp.o
[318/664] Building CXX object src/ipc/CMakeFiles/bitcoin_ipc.dir/capnp/echo.capnp.c++.o
[319/664] Building CXX object src/ipc/CMakeFiles/bitcoin_ipc.dir/process.cpp.o
[320/664] Building CXX object src/ipc/CMakeFiles/bitcoin_ipc.dir/capnp/mining.cpp.o
[321/664] Building CXX object src/ipc/CMakeFiles/bitcoin_ipc.dir/capnp/protocol.cpp.o
[322/664] Building CXX object src/ipc/CMakeFiles/bitcoin_ipc.dir/capnp/init.capnp.c++.o
[323/664] Building CXX object src/ipc/CMakeFiles/bitcoin_ipc.dir/capnp/common.capnp.proxy-types.c++.o
[324/664] Building CXX object src/ipc/CMakeFiles/bitcoin_ipc.dir/capnp/echo.capnp.proxy-client.c++.o
[325/664] Building CXX object src/ipc/CMakeFiles/bitcoin_ipc.dir/capnp/echo.capnp.proxy-types.c++.o
[326/664] Building CXX object src/ipc/CMakeFiles/bitcoin_ipc.dir/capnp/mining.capnp.c++.o
[327/664] Building CXX object src/ipc/CMakeFiles/bitcoin_ipc.dir/capnp/echo.capnp.proxy-server.c++.o
[328/664] Building CXX object src/ipc/CMakeFiles/bitcoin_ipc.dir/capnp/init.capnp.proxy-types.c++.o
[329/664] Building CXX object src/ipc/CMakeFiles/bitcoin_ipc.dir/capnp/mining.capnp.proxy-types.c++.o
[330/664] Building CXX object src/ipc/CMakeFiles/bitcoin_ipc.dir/capnp/init.capnp.proxy-client.c++.o
[331/664] Building CXX object src/ipc/CMakeFiles/bitcoin_ipc_test.dir/test/ipc_test.capnp.c++.o
[332/664] Building CXX object src/ipc/CMakeFiles/bitcoin_ipc.dir/capnp/init.capnp.proxy-server.c++.o
[333/664] Building CXX object src/ipc/CMakeFiles/bitcoin_ipc.dir/capnp/mining.capnp.proxy-client.c++.o
[334/664] Building CXX object src/ipc/CMakeFiles/bitcoin_ipc_test.dir/test/ipc_test.capnp.proxy-types.c++.o
[335/664] Building CXX object src/ipc/CMakeFiles/bitcoin_ipc_test.dir/test/ipc_test.cpp.o
[336/664] Building CXX object src/ipc/CMakeFiles/bitcoin_ipc_test.dir/test/ipc_test.capnp.proxy-server.c++.o
[337/664] Building CXX object src/ipc/CMakeFiles/bitcoin_ipc_test.dir/test/ipc_test.capnp.proxy-client.c++.o
[338/664] Building CXX object src/wallet/CMakeFiles/bitcoin_wallet.dir/context.cpp.o
[339/664] Building CXX object src/wallet/CMakeFiles/bitcoin_wallet.dir/coincontrol.cpp.o
[340/664] Building CXX object src/wallet/CMakeFiles/bitcoin_wallet.dir/crypter.cpp.o
[341/664] Building CXX object src/wallet/CMakeFiles/bitcoin_wallet.dir/db.cpp.o
[342/664] Building CXX object src/wallet/CMakeFiles/bitcoin_wallet.dir/coinselection.cpp.o
[343/664] Building CXX object src/wallet/CMakeFiles/bitcoin_wallet.dir/external_signer_scriptpubkeyman.cpp.o
[344/664] Building CXX object src/ipc/CMakeFiles/bitcoin_ipc.dir/capnp/mining.capnp.proxy-server.c++.o
[345/664] Building CXX object src/wallet/CMakeFiles/bitcoin_wallet.dir/dump.cpp.o
[346/664] Building CXX object src/wallet/CMakeFiles/bitcoin_wallet.dir/fees.cpp.o
[347/664] Building CXX object src/wallet/CMakeFiles/bitcoin_wallet.dir/migrate.cpp.o
[348/664] Building CXX object src/wallet/CMakeFiles/bitcoin_wallet.dir/feebumper.cpp.o
[349/664] Building CXX object src/wallet/CMakeFiles/bitcoin_wallet.dir/load.cpp.o
[350/664] Building CXX object src/wallet/CMakeFiles/bitcoin_wallet.dir/interfaces.cpp.o
[351/664] Building CXX object src/wallet/CMakeFiles/bitcoin_wallet.dir/receive.cpp.o
[352/664] Building CXX object src/wallet/CMakeFiles/bitcoin_wallet.dir/rpc/addresses.cpp.o
[353/664] Building CXX object src/wallet/CMakeFiles/bitcoin_wallet.dir/rpc/backup.cpp.o
[354/664] Building CXX object src/wallet/CMakeFiles/bitcoin_wallet.dir/rpc/coins.cpp.o
[355/664] Building CXX object src/wallet/CMakeFiles/bitcoin_wallet.dir/rpc/encrypt.cpp.o
[356/664] Building CXX object src/wallet/CMakeFiles/bitcoin_wallet.dir/rpc/signmessage.cpp.o
[357/664] Building CXX object src/wallet/CMakeFiles/bitcoin_wallet.dir/rpc/util.cpp.o
[358/664] Building CXX object src/wallet/CMakeFiles/bitcoin_wallet.dir/__/pocx/assignments/transactions.cpp.o
[359/664] Building CXX object src/wallet/CMakeFiles/bitcoin_wallet.dir/__/pocx/rpc/assignments_wallet.cpp.o
[360/664] Building CXX object src/wallet/CMakeFiles/bitcoin_wallet.dir/rpc/transactions.cpp.o
[361/664] Building CXX object src/wallet/CMakeFiles/bitcoin_wallet.dir/rpc/wallet.cpp.o
[362/664] Building CXX object src/wallet/CMakeFiles/bitcoin_wallet.dir/rpc/spend.cpp.o
[363/664] Building CXX object src/wallet/CMakeFiles/bitcoin_wallet.dir/transaction.cpp.o
[364/664] Building CXX object src/wallet/CMakeFiles/bitcoin_wallet.dir/__/pocx/mining/wallet_signing.cpp.o
[365/664] Building CXX object src/wallet/CMakeFiles/bitcoin_wallet.dir/sqlite.cpp.o
[366/664] Building CXX object src/wallet/CMakeFiles/bitcoin_wallet.dir/walletutil.cpp.o
[367/664] Building CXX object src/pocx/test/util/CMakeFiles/pocx_test_util.dir/__/__/__/test/util/blockfilter.cpp.o
[368/664] Building CXX object src/pocx/test/util/CMakeFiles/pocx_test_util.dir/__/__/__/test/util/coverage.cpp.o
[369/664] Building CXX object src/pocx/test/util/CMakeFiles/pocx_test_util.dir/__/__/__/test/util/json.cpp.o
[370/664] Building CXX object src/pocx/test/util/CMakeFiles/pocx_test_util.dir/__/__/__/test/util/coins.cpp.o
[371/664] Building CXX object src/pocx/test/util/CMakeFiles/pocx_test_util.dir/__/__/__/test/util/logging.cpp.o
[372/664] Building CXX object src/wallet/CMakeFiles/bitcoin_wallet.dir/scriptpubkeyman.cpp.o
[373/664] Building CXX object src/wallet/CMakeFiles/bitcoin_wallet.dir/spend.cpp.o
[374/664] Building CXX object src/pocx/test/util/CMakeFiles/pocx_test_util.dir/__/__/__/test/util/script.cpp.o
[375/664] Building CXX object src/pocx/test/util/CMakeFiles/pocx_test_util.dir/__/__/__/test/util/random.cpp.o
[376/664] Building CXX object src/pocx/test/util/CMakeFiles/pocx_test_util.dir/__/__/__/test/util/str.cpp.o
[377/664] Building CXX object src/wallet/CMakeFiles/bitcoin_wallet.dir/walletdb.cpp.o
[378/664] Building CXX object src/pocx/test/util/CMakeFiles/pocx_test_util.dir/mining.cpp.o
[379/664] Building CXX object src/pocx/test/util/CMakeFiles/pocx_test_util.dir/__/__/__/test/util/time.cpp.o
[380/664] Building CXX object src/pocx/test/util/CMakeFiles/pocx_test_util.dir/__/__/__/test/util/net.cpp.o
[381/664] Building CXX object src/pocx/test/util/CMakeFiles/pocx_test_util.dir/__/__/__/test/util/transaction_utils.cpp.o
[382/664] Linking CXX static library src/libcrc32c.a
[383/664] Linking CXX static library src/libleveldb.a
[384/664] Linking CXX static library src/libminisketch.a
[385/664] Linking CXX static library lib/libbitcoin_clientversion.a
[386/664] Linking CXX static library lib/libbitcoin_consensus.a
[387/664] Linking CXX static library lib/libbitcoin_common.a
[388/664] Linking CXX static library lib/libbitcoin_node.a
[389/664] Linking CXX static library lib/libbitcoin_cli.a
[390/664] Linking CXX static library src/univalue/libunivalue.a
[391/664] Linking C static library src/secp256k1/lib/libsecp256k1.a
[392/664] Linking CXX static library lib/libbitcoin_crypto.a
[393/664] Linking CXX static library lib/libbitcoin_util.a
[394/664] Linking CXX static library lib/libbitcoin_ipc.a
[395/664] Linking CXX static library lib/libbitcoin_ipc_test.a
[396/664] Generating test/fail1.json.h
[397/664] Generating test/fail10.json.h
[398/664] Generating test/fail11.json.h
[399/664] Generating test/fail12.json.h
[400/664] Generating test/fail13.json.h
[401/664] Generating test/fail14.json.h
[402/664] Generating test/fail15.json.h
[403/664] Generating test/fail16.json.h
[404/664] Generating test/fail17.json.h
[405/664] Generating test/fail18.json.h
[406/664] Generating test/fail19.json.h
[407/664] Generating test/fail2.json.h
[408/664] Generating test/fail20.json.h
[409/664] Generating test/fail21.json.h
[410/664] Generating test/fail22.json.h
[411/664] Generating test/fail23.json.h
[412/664] Generating test/fail24.json.h
[413/664] Generating test/fail25.json.h
[414/664] Generating test/fail26.json.h
[415/664] Generating test/fail27.json.h
[416/664] Generating test/fail28.json.h
[417/664] Generating test/fail29.json.h
[418/664] Generating test/fail3.json.h
[419/664] Generating test/fail30.json.h
[420/664] Generating test/fail31.json.h
[421/664] Generating test/fail32.json.h
[422/664] Generating test/fail33.json.h
[423/664] Generating test/fail34.json.h
[424/664] Generating test/fail35.json.h
[425/664] Generating test/fail36.json.h
[426/664] Generating test/fail37.json.h
[427/664] Building CXX object src/pocx/test/util/CMakeFiles/pocx_test_util.dir/__/__/__/test/util/validation.cpp.o
[428/664] Generating test/fail39.json.h
[429/664] Generating test/fail38.json.h
[430/664] Generating test/fail4.json.h
[431/664] Generating test/fail40.json.h
[432/664] Generating test/fail41.json.h
[433/664] Generating test/fail42.json.h
[434/664] Generating test/fail44.json.h
[435/664] Generating test/fail45.json.h
[436/664] Generating test/fail5.json.h
[437/664] Generating test/fail6.json.h
[438/664] Generating test/fail8.json.h
[439/664] Generating test/fail7.json.h
[440/664] Generating test/fail9.json.h
[441/664] Generating test/pass1.json.h
[442/664] Generating test/pass3.json.h
[443/664] Generating test/pass2.json.h
[444/664] Generating test/round1.json.h
[445/664] Generating test/pass4.json.h
[446/664] Generating test/round3.json.h
[447/664] Generating test/round2.json.h
[448/664] Generating test/round4.json.h
[449/664] Generating test/round5.json.h
[450/664] Generating test/round7.json.h
[451/664] Generating test/round6.json.h
[452/664] Generating mp/test/foo.capnp.c++, mp/test/foo.capnp.h, mp/test/foo.capnp.proxy-client.c++, mp/test/foo.capnp.proxy-types.h, mp/test/foo.capnp.proxy-server.c++, mp/test/foo.capnp.proxy-types.c++, mp/test/foo.capnp.proxy.h
[453/664] Building CXX object src/pocx/test/util/CMakeFiles/pocx_test_util.dir/__/__/__/test/util/txmempool.cpp.o
[454/664] Building CXX object src/pocx/test/util/CMakeFiles/pocx_test_util.dir/setup_common.cpp.o
[455/664] Building CXX object src/CMakeFiles/bitcoin-wallet.dir/init/bitcoin-wallet.cpp.o
[456/664] Building CXX object src/CMakeFiles/bitcoin-wallet.dir/bitcoin-wallet.cpp.o
[457/664] Building CXX object src/pocx/test/util/CMakeFiles/pocx_test_util.dir/__/__/__/wallet/test/util.cpp.o
[458/664] Linking CXX static library lib/libpocx_test_util.a
[459/664] Building CXX object src/wallet/CMakeFiles/bitcoin_wallet.dir/wallet.cpp.o
[460/664] Linking CXX static library lib/libbitcoin_wallet.a
[461/664] Generating data/base58_encode_decode.json.h
[462/664] Generating data/bip341_wallet_vectors.json.h
[463/664] Generating data/blockfilters.json.h
[464/664] Generating data/key_io_invalid.json.h
[465/664] Generating data/key_io_valid.json.h
[466/664] Generating data/script_tests.json.h
[467/664] Building CXX object src/CMakeFiles/bitcoin.dir/bitcoin.cpp.o
[468/664] Generating data/sighash.json.h
[469/664] Generating data/tx_invalid.json.h
[470/664] Generating data/real_proof_vectors.json.h
[471/664] Generating data/asmap.raw.h
[472/664] Generating data/tx_valid.json.h
[473/664] Building CXX object src/CMakeFiles/bitcoind.dir/init/bitcoind.cpp.o
[474/664] Building CXX object src/CMakeFiles/bitcoind.dir/bitcoind.cpp.o
[475/664] Building CXX object src/CMakeFiles/bitcoin-node.dir/bitcoind.cpp.o
[476/664] Building CXX object src/univalue/CMakeFiles/unitester.dir/test/unitester.cpp.o
[477/664] Building CXX object src/CMakeFiles/bitcoin-node.dir/init/bitcoin-node.cpp.o
[478/664] Building CXX object src/CMakeFiles/bitcoin-wallet.dir/wallet/wallettool.cpp.o
[479/664] Building CXX object src/CMakeFiles/bitcoin-util.dir/bitcoin-util.cpp.o
[480/664] Building CXX object src/univalue/CMakeFiles/object.dir/test/object.cpp.o
[481/664] Building CXX object src/ipc/libmultiprocess/test/CMakeFiles/mptest.dir/mp/test/foo.capnp.c++.o
[482/664] Building CXX object src/ipc/libmultiprocess/test/CMakeFiles/mptest.dir/mp/test/spawn_tests.cpp.o
[483/664] Building CXX object src/CMakeFiles/bitcoin-cli.dir/bitcoin-cli.cpp.o
[484/664] Building CXX object src/CMakeFiles/bitcoin-tx.dir/bitcoin-tx.cpp.o
[485/664] Building CXX object src/ipc/libmultiprocess/test/CMakeFiles/mptest.dir/mp/test/foo.capnp.proxy-types.c++.o
[486/664] Building CXX object src/ipc/libmultiprocess/test/CMakeFiles/mptest.dir/mp/test/test.cpp.o
[487/664] Building C object src/secp256k1/src/CMakeFiles/ctime_tests.dir/ctime_tests.c.o
[488/664] Building C object src/secp256k1/src/CMakeFiles/exhaustive_tests.dir/tests_exhaustive.c.o
[489/664] Building C object src/secp256k1/src/CMakeFiles/noverify_tests.dir/tests.c.o
[490/664] Building CXX object src/ipc/libmultiprocess/test/CMakeFiles/mptest.dir/mp/test/foo.capnp.proxy-client.c++.o
[491/664] Building C object src/secp256k1/src/CMakeFiles/tests.dir/tests.c.o
[492/664] Building CXX object src/pocx/test/CMakeFiles/test_pocx.dir/__/__/test/allocator_tests.cpp.o
[493/664] Building CXX object src/pocx/test/CMakeFiles/test_pocx.dir/adapted/amount_tests.cpp.o
[494/664] Building CXX object src/pocx/test/CMakeFiles/test_pocx.dir/__/__/test/addrman_tests.cpp.o
[495/664] Building CXX object src/pocx/test/CMakeFiles/test_pocx.dir/__/__/test/banman_tests.cpp.o
[496/664] Building CXX object src/pocx/test/CMakeFiles/test_pocx.dir/__/__/test/arith_uint256_tests.cpp.o
[497/664] Building CXX object src/pocx/test/CMakeFiles/test_pocx.dir/__/__/test/main.cpp.o
[498/664] Building CXX object src/pocx/test/CMakeFiles/test_pocx.dir/__/__/test/base32_tests.cpp.o
[499/664] Building CXX object src/ipc/libmultiprocess/test/CMakeFiles/mptest.dir/mp/test/foo.capnp.proxy-server.c++.o
[500/664] Building CXX object src/pocx/test/CMakeFiles/test_pocx.dir/__/__/test/base64_tests.cpp.o
[501/664] Building CXX object src/pocx/test/CMakeFiles/test_pocx.dir/__/__/test/bech32_tests.cpp.o
[502/664] Building CXX object src/pocx/test/CMakeFiles/test_pocx.dir/__/__/test/argsman_tests.cpp.o
[503/664] Building CXX object src/pocx/test/CMakeFiles/test_pocx.dir/__/__/test/base58_tests.cpp.o
[504/664] Building CXX object src/pocx/test/CMakeFiles/test_pocx.dir/__/__/test/bip32_tests.cpp.o
[505/664] Building CXX object src/pocx/test/CMakeFiles/test_pocx.dir/adapted/bip324_tests.cpp.o
[506/664] Building CXX object src/pocx/test/CMakeFiles/test_pocx.dir/__/__/test/blockfilter_tests.cpp.o
[507/664] Building CXX object src/pocx/test/CMakeFiles/test_pocx.dir/adapted/blockchain_tests.cpp.o
[508/664] Building CXX object src/pocx/test/CMakeFiles/test_pocx.dir/__/__/test/bswap_tests.cpp.o
[509/664] Building CXX object src/pocx/test/CMakeFiles/test_pocx.dir/__/__/test/caches_tests.cpp.o
[510/664] Building CXX object src/pocx/test/CMakeFiles/test_pocx.dir/adapted/blockfilter_index_tests.cpp.o
[511/664] Building CXX object src/pocx/test/CMakeFiles/test_pocx.dir/adapted/blockencodings_tests.cpp.o
[512/664] Building CXX object src/pocx/test/CMakeFiles/test_pocx.dir/adapted/blockmanager_tests.cpp.o
[513/664] Building CXX object src/pocx/test/CMakeFiles/test_pocx.dir/adapted/bloom_tests.cpp.o
[514/664] Building CXX object src/pocx/test/CMakeFiles/test_pocx.dir/__/__/test/chain_tests.cpp.o
[515/664] Building CXX object src/pocx/test/CMakeFiles/test_pocx.dir/__/__/test/chainstate_write_tests.cpp.o
[516/664] Building CXX object src/pocx/test/CMakeFiles/test_pocx.dir/__/__/test/checkqueue_tests.cpp.o
[517/664] Building CXX object src/pocx/test/CMakeFiles/test_pocx.dir/__/__/test/coinscachepair_tests.cpp.o
[518/664] Building CXX object src/pocx/test/CMakeFiles/test_pocx.dir/__/__/test/common_url_tests.cpp.o
[519/664] Building CXX object src/pocx/test/CMakeFiles/test_pocx.dir/__/__/test/coinstatsindex_tests.cpp.o
[520/664] Building CXX object src/pocx/test/CMakeFiles/test_pocx.dir/__/__/test/coinsviewoverlay_tests.cpp.o
[521/664] Building CXX object src/pocx/test/CMakeFiles/test_pocx.dir/__/__/test/compress_tests.cpp.o
[522/664] Building CXX object src/pocx/test/CMakeFiles/test_pocx.dir/adapted/coins_tests.cpp.o
[523/664] Building CXX object src/pocx/test/CMakeFiles/test_pocx.dir/__/__/test/cuckoocache_tests.cpp.o
[524/664] Building CXX object src/pocx/test/CMakeFiles/test_pocx.dir/__/__/test/crypto_tests.cpp.o
[525/664] Building CXX object src/pocx/test/CMakeFiles/test_pocx.dir/__/__/test/dbwrapper_tests.cpp.o
[526/664] Building CXX object src/pocx/test/CMakeFiles/test_pocx.dir/__/__/test/disconnected_transactions.cpp.o
[527/664] Building CXX object src/pocx/test/CMakeFiles/test_pocx.dir/__/__/test/cluster_linearize_tests.cpp.o
[528/664] Building CXX object src/pocx/test/CMakeFiles/test_pocx.dir/__/__/test/feefrac_tests.cpp.o
[529/664] Building CXX object src/pocx/test/CMakeFiles/test_pocx.dir/adapted/denialofservice_tests.cpp.o
[530/664] Building CXX object src/pocx/test/CMakeFiles/test_pocx.dir/__/__/test/feerounder_tests.cpp.o
[531/664] Building CXX object src/pocx/test/CMakeFiles/test_pocx.dir/__/__/test/flatfile_tests.cpp.o
[532/664] Building CXX object src/pocx/test/CMakeFiles/test_pocx.dir/__/__/test/fs_tests.cpp.o
[533/664] Building CXX object src/pocx/test/CMakeFiles/test_pocx.dir/__/__/test/hash_tests.cpp.o
[534/664] Building CXX object src/pocx/test/CMakeFiles/test_pocx.dir/__/__/test/getarg_tests.cpp.o
[535/664] Building CXX object src/pocx/test/CMakeFiles/test_pocx.dir/__/__/test/httpserver_tests.cpp.o
[536/664] Building CXX object src/pocx/test/CMakeFiles/test_pocx.dir/adapted/headers_sync_chainwork_tests.cpp.o
[537/664] Building CXX object src/pocx/test/CMakeFiles/test_pocx.dir/__/__/test/i2p_tests.cpp.o
[538/664] Building CXX object src/pocx/test/CMakeFiles/test_pocx.dir/__/__/test/key_io_tests.cpp.o
[539/664] Building CXX object src/pocx/test/CMakeFiles/test_pocx.dir/__/__/test/interfaces_tests.cpp.o
[540/664] Building CXX object src/pocx/test/CMakeFiles/test_pocx.dir/adapted/descriptor_tests.cpp.o
[541/664] Building CXX object src/pocx/test/CMakeFiles/test_pocx.dir/adapted/key_tests.cpp.o
[542/664] Building CXX object src/pocx/test/CMakeFiles/test_pocx.dir/__/__/test/logging_tests.cpp.o
[543/664] Building CXX object src/pocx/test/CMakeFiles/test_pocx.dir/__/__/test/merkleblock_tests.cpp.o
[544/664] Building CXX object src/pocx/test/CMakeFiles/test_pocx.dir/__/__/test/mempool_tests.cpp.o
[545/664] Building CXX object src/pocx/test/CMakeFiles/test_pocx.dir/__/__/test/merkle_tests.cpp.o
[546/664] Building CXX object src/pocx/test/CMakeFiles/test_pocx.dir/__/__/test/mock_process.cpp.o
[547/664] Building CXX object src/pocx/test/CMakeFiles/test_pocx.dir/__/__/test/minisketch_tests.cpp.o
[548/664] Building CXX object src/pocx/test/CMakeFiles/test_pocx.dir/__/__/test/bip328_tests.cpp.o
[549/664] Building CXX object src/pocx/test/CMakeFiles/test_pocx.dir/__/__/test/multisig_tests.cpp.o
[550/664] Building CXX object src/pocx/test/CMakeFiles/test_pocx.dir/adapted/miniminer_tests.cpp.o
[551/664] Building CXX object src/pocx/test/CMakeFiles/test_pocx.dir/adapted/miner_tests.cpp.o
[552/664] Building CXX object src/pocx/test/CMakeFiles/test_pocx.dir/adapted/net_peer_connection_tests.cpp.o
[553/664] Building CXX object src/pocx/test/CMakeFiles/test_pocx.dir/__/__/test/node_init_tests.cpp.o
[554/664] Building CXX object src/pocx/test/CMakeFiles/test_pocx.dir/__/__/test/net_peer_eviction_tests.cpp.o
[555/664] Building CXX object src/pocx/test/CMakeFiles/test_pocx.dir/__/__/test/miniscript_tests.cpp.o
[556/664] Building CXX object src/pocx/test/CMakeFiles/test_pocx.dir/__/__/test/node_warnings_tests.cpp.o
[557/664] Building CXX object src/pocx/test/CMakeFiles/test_pocx.dir/__/__/test/netbase_tests.cpp.o
[558/664] Building CXX object src/pocx/test/CMakeFiles/test_pocx.dir/__/__/test/pcp_tests.cpp.o
[559/664] Building CXX object src/pocx/test/CMakeFiles/test_pocx.dir/__/__/test/pmt_tests.cpp.o
[560/664] Building CXX object src/pocx/test/CMakeFiles/test_pocx.dir/adapted/peerman_tests.cpp.o
[561/664] Building CXX object src/pocx/test/CMakeFiles/test_pocx.dir/__/__/test/net_tests.cpp.o
[562/664] Building CXX object src/pocx/test/CMakeFiles/test_pocx.dir/__/__/test/orphanage_tests.cpp.o
[563/664] Building CXX object src/pocx/test/CMakeFiles/test_pocx.dir/adapted/pow_tests.cpp.o
[564/664] Building CXX object src/pocx/test/CMakeFiles/test_pocx.dir/__/__/test/policyestimator_tests.cpp.o
[565/664] Building CXX object src/pocx/test/CMakeFiles/test_pocx.dir/__/__/test/pool_tests.cpp.o
[566/664] Building CXX object src/pocx/test/CMakeFiles/test_pocx.dir/__/__/test/prevector_tests.cpp.o
[567/664] Building CXX object src/pocx/test/CMakeFiles/test_pocx.dir/__/__/test/raii_event_tests.cpp.o
[568/664] Building CXX object src/pocx/test/CMakeFiles/test_pocx.dir/__/__/test/private_broadcast_tests.cpp.o
[569/664] Building CXX object src/pocx/test/CMakeFiles/test_pocx.dir/__/__/test/rest_tests.cpp.o
[570/664] Building CXX object src/pocx/test/CMakeFiles/test_pocx.dir/__/__/test/result_tests.cpp.o
[571/664] Building CXX object src/pocx/test/CMakeFiles/test_pocx.dir/__/__/test/reverselock_tests.cpp.o
[572/664] Building CXX object src/pocx/test/CMakeFiles/test_pocx.dir/__/__/test/random_tests.cpp.o
[573/664] Building CXX object src/pocx/test/CMakeFiles/test_pocx.dir/__/__/test/rbf_tests.cpp.o
[574/664] Building CXX object src/pocx/test/CMakeFiles/test_pocx.dir/__/__/test/sanity_tests.cpp.o
[575/664] Building CXX object src/pocx/test/CMakeFiles/test_pocx.dir/__/__/test/scheduler_tests.cpp.o
[576/664] Building CXX object src/pocx/test/CMakeFiles/test_pocx.dir/__/__/test/script_assets_tests.cpp.o
[577/664] Building CXX object src/pocx/test/CMakeFiles/test_pocx.dir/__/__/test/script_parse_tests.cpp.o
[578/664] Building CXX object src/pocx/test/CMakeFiles/test_pocx.dir/__/__/test/script_segwit_tests.cpp.o
[579/664] Building CXX object src/pocx/test/CMakeFiles/test_pocx.dir/__/__/test/script_p2sh_tests.cpp.o
[580/664] Building CXX object src/pocx/test/CMakeFiles/test_pocx.dir/__/__/test/scriptnum_tests.cpp.o
[581/664] Building CXX object src/pocx/test/CMakeFiles/test_pocx.dir/adapted/script_standard_tests.cpp.o
[582/664] Building CXX object src/pocx/test/CMakeFiles/test_pocx.dir/adapted/rpc_tests.cpp.o
[583/664] Building CXX object src/pocx/test/CMakeFiles/test_pocx.dir/__/__/test/serfloat_tests.cpp.o
[584/664] Building CXX object src/pocx/test/CMakeFiles/test_pocx.dir/__/__/test/settings_tests.cpp.o
[585/664] Building CXX object src/pocx/test/CMakeFiles/test_pocx.dir/__/__/test/serialize_tests.cpp.o
[586/664] Building CXX object src/pocx/test/CMakeFiles/test_pocx.dir/__/__/test/sighash_tests.cpp.o
[587/664] Building CXX object src/pocx/test/CMakeFiles/test_pocx.dir/__/__/test/sigopcount_tests.cpp.o
[588/664] Building CXX object src/pocx/test/CMakeFiles/test_pocx.dir/__/__/test/skiplist_tests.cpp.o
[589/664] Building CXX object src/pocx/test/CMakeFiles/test_pocx.dir/__/__/test/span_tests.cpp.o
[590/664] Building CXX object src/pocx/test/CMakeFiles/test_pocx.dir/__/__/test/sync_tests.cpp.o
[591/664] Building CXX object src/pocx/test/CMakeFiles/test_pocx.dir/__/__/test/sock_tests.cpp.o
[592/664] Building CXX object src/pocx/test/CMakeFiles/test_pocx.dir/__/__/test/system_ram_tests.cpp.o
[593/664] Building CXX object src/pocx/test/CMakeFiles/test_pocx.dir/__/__/test/system_tests.cpp.o
[594/664] Building CXX object src/pocx/test/CMakeFiles/test_pocx.dir/__/__/test/streams_tests.cpp.o
[595/664] Building CXX object src/pocx/test/CMakeFiles/test_pocx.dir/adapted/timeoffsets_tests.cpp.o
[596/664] Building CXX object src/pocx/test/CMakeFiles/test_pocx.dir/__/__/test/script_tests.cpp.o
[597/664] Building CXX object src/pocx/test/CMakeFiles/test_pocx.dir/__/__/test/torcontrol_tests.cpp.o
[598/664] Building CXX object src/pocx/test/CMakeFiles/test_pocx.dir/__/__/test/testnet4_miner_tests.cpp.o
[599/664] Building CXX object src/pocx/test/CMakeFiles/test_pocx.dir/__/__/test/translation_tests.cpp.o
[600/664] Building CXX object src/pocx/test/CMakeFiles/test_pocx.dir/__/__/test/threadpool_tests.cpp.o
[601/664] Building CXX object src/pocx/test/CMakeFiles/test_pocx.dir/__/__/test/txgraph_tests.cpp.o
[602/664] Building CXX object src/pocx/test/CMakeFiles/test_pocx.dir/__/__/test/txindex_tests.cpp.o
[603/664] Building CXX object src/pocx/test/CMakeFiles/test_pocx.dir/adapted/txdownload_tests.cpp.o
[604/664] Building CXX object src/pocx/test/CMakeFiles/test_pocx.dir/__/__/test/txreconciliation_tests.cpp.o
[605/664] Building CXX object src/pocx/test/CMakeFiles/test_pocx.dir/__/__/test/txospenderindex_tests.cpp.o
[606/664] Building CXX object src/pocx/test/CMakeFiles/test_pocx.dir/__/__/test/transaction_tests.cpp.o
[607/664] Building CXX object src/pocx/test/CMakeFiles/test_pocx.dir/__/__/test/txrequest_tests.cpp.o
[608/664] Building CXX object src/pocx/test/CMakeFiles/test_pocx.dir/__/__/test/uint256_tests.cpp.o
[609/664] Building CXX object src/pocx/test/CMakeFiles/test_pocx.dir/__/__/test/util_check_tests.cpp.o
[610/664] Building CXX object src/pocx/test/CMakeFiles/test_pocx.dir/adapted/txpackage_tests.cpp.o
[611/664] Building CXX object src/pocx/test/CMakeFiles/test_pocx.dir/__/__/test/txvalidationcache_tests.cpp.o
[612/664] Building CXX object src/pocx/test/CMakeFiles/test_pocx.dir/__/__/test/util_string_tests.cpp.o
[613/664] Building CXX object src/pocx/test/CMakeFiles/test_pocx.dir/__/__/test/util_expected_tests.cpp.o
[614/664] Building CXX object src/pocx/test/CMakeFiles/test_pocx.dir/__/__/test/util_threadnames_tests.cpp.o
[615/664] Building CXX object src/pocx/test/CMakeFiles/test_pocx.dir/__/__/test/txvalidation_tests.cpp.o
[616/664] Building CXX object src/pocx/test/CMakeFiles/test_pocx.dir/__/__/test/util_trace_tests.cpp.o
[617/664] Building CXX object src/pocx/test/CMakeFiles/test_pocx.dir/__/__/test/validation_flush_tests.cpp.o
[618/664] Building CXX object src/pocx/test/CMakeFiles/test_pocx.dir/adapted/validation_block_tests.cpp.o
[619/664] Building CXX object src/pocx/test/CMakeFiles/test_pocx.dir/__/__/test/validation_chainstate_tests.cpp.o
[620/664] Building CXX object src/pocx/test/CMakeFiles/test_pocx.dir/__/__/test/validationinterface_tests.cpp.o
[621/664] Building CXX object src/pocx/test/CMakeFiles/test_pocx.dir/adapted/validation_chainstatemanager_tests.cpp.o
[622/664] Building CXX object src/pocx/test/CMakeFiles/test_pocx.dir/pocx_wire_tests.cpp.o
[623/664] Building CXX object src/pocx/test/CMakeFiles/test_pocx.dir/adapted/validation_tests.cpp.o
[624/664] Building CXX object src/pocx/test/CMakeFiles/test_pocx.dir/__/__/test/versionbits_tests.cpp.o
[625/664] Building CXX object src/pocx/test/CMakeFiles/test_pocx.dir/adapted/util_tests.cpp.o
[626/664] Building CXX object src/pocx/test/CMakeFiles/test_pocx.dir/pocx_tests.cpp.o
[627/664] Building CXX object src/pocx/test/CMakeFiles/test_pocx.dir/__/__/wallet/test/init_test_fixture.cpp.o
[628/664] Building CXX object src/pocx/test/CMakeFiles/test_pocx.dir/pocx_block_builder_tests.cpp.o
[629/664] Building CXX object src/pocx/test/CMakeFiles/test_pocx.dir/pocx_simd_tests.cpp.o
[630/664] Building CXX object src/pocx/test/CMakeFiles/test_pocx.dir/pocx_real_proof_tests.cpp.o
[631/664] Building CXX object src/pocx/test/CMakeFiles/test_pocx.dir/__/__/wallet/test/wallet_test_fixture.cpp.o
[632/664] Building CXX object src/pocx/test/CMakeFiles/test_pocx.dir/__/__/wallet/test/db_tests.cpp.o
[633/664] Building CXX object src/pocx/test/CMakeFiles/test_pocx.dir/__/__/wallet/test/feebumper_tests.cpp.o
[634/664] Building CXX object src/pocx/test/CMakeFiles/test_pocx.dir/__/__/wallet/test/coinselection_tests.cpp.o
[635/664] Building CXX object src/pocx/test/CMakeFiles/test_pocx.dir/__/__/wallet/test/init_tests.cpp.o
[636/664] Building CXX object src/pocx/test/CMakeFiles/test_pocx.dir/__/__/wallet/test/group_outputs_tests.cpp.o
[637/664] Building CXX object src/pocx/test/CMakeFiles/test_pocx.dir/__/__/wallet/test/coinselector_tests.cpp.o
[638/664] Building CXX object src/pocx/test/CMakeFiles/test_pocx.dir/__/__/wallet/test/wallet_crypto_tests.cpp.o
[639/664] Building CXX object src/pocx/test/CMakeFiles/test_pocx.dir/__/__/wallet/test/ismine_tests.cpp.o
[640/664] Building CXX object src/pocx/test/CMakeFiles/test_pocx.dir/__/__/wallet/test/scriptpubkeyman_tests.cpp.o
[641/664] Building CXX object src/pocx/test/CMakeFiles/test_pocx.dir/adapted/spend_tests.cpp.o
[642/664] Building CXX object src/pocx/test/CMakeFiles/test_pocx.dir/__/__/wallet/test/wallet_rpc_tests.cpp.o
[643/664] Building CXX object src/pocx/test/CMakeFiles/test_pocx.dir/__/__/wallet/test/psbt_wallet_tests.cpp.o
[644/664] Linking CXX executable bin/bitcoin-wallet
[645/664] Linking CXX executable bin/bitcoin
[646/664] Linking CXX executable bin/bitcoind
[647/664] Building CXX object src/pocx/test/CMakeFiles/test_pocx.dir/__/__/wallet/test/wallet_transaction_tests.cpp.o
[648/664] Linking CXX executable bin/bitcoin-cli
[649/664] Linking CXX executable bin/bitcoin-tx
[650/664] Linking CXX executable bin/bitcoin-util
[651/664] Linking CXX executable src/univalue/unitester
[652/664] Linking CXX executable bin/bitcoin-node
[653/664] Linking CXX executable src/univalue/object
[654/664] Linking C executable src/secp256k1/bin/noverify_tests
[655/664] Linking C executable src/secp256k1/bin/tests
[656/664] Linking C executable src/secp256k1/bin/exhaustive_tests
[657/664] Linking C executable src/secp256k1/bin/ctime_tests
[658/664] Linking CXX executable src/ipc/libmultiprocess/test/mptest
[659/664] Building CXX object src/pocx/test/CMakeFiles/test_pocx.dir/__/__/wallet/test/walletdb_tests.cpp.o
[660/664] Building CXX object src/pocx/test/CMakeFiles/test_pocx.dir/__/__/ipc/test/ipc_tests.cpp.o
[661/664] Building CXX object src/pocx/test/CMakeFiles/test_pocx.dir/__/__/wallet/test/walletload_tests.cpp.o
[662/664] Building CXX object src/pocx/test/CMakeFiles/test_pocx.dir/adapted/wallet_tests.cpp.o
[663/664] Linking CXX executable bin/test_pocx
Registered 154 compiled PoCX suites
