feature_pocx_assignment_lifecycle.py (v2): passed
feature_pocx_assignment_lifecycle.py (v1): passed
feature_pocx_mining.py (v1): passed
feature_pocx_mining.py (v2): passed
wallet_pocx_type.py (v1): passed
wallet_pocx_type.py (v2): passed
feature_pocx_assignment_double_cycle.py (v2): passed
feature_pocx_assignment_double_cycle.py (v1): passed
feature_pocx_imported_key_mining.py (v1): passed
feature_pocx_imported_key_mining.py (v2): passed
feature_pocx_assignment_state_violations.py (v2): passed
feature_pocx_assignment_state_violations.py (v1): passed
feature_pocx_assignment_verifychain.py (v1): passed
feature_pocx_assignment_verifychain.py (v2): passed
feature_pocx_assignment_crash_revive.py (v2): passed
feature_pocx_assignment_crash_revive.py (v1): passed
feature_pocx_assignment_invalid_format.py (v1): passed
feature_pocx_assignment_invalid_format.py (v2): passed
feature_pocx_assignment_reorg_height_shift.py (v2): passed
feature_pocx_assignment_reorg_height_shift.py (v1): passed
feature_pocx_assignment_consecutive.py (v2): passed
feature_pocx_assignment_consecutive.py (v1): passed
feature_pocx_assignment_block_conflicts.py (v1): passed
feature_pocx_assignment_block_conflicts.py (v2): passed
feature_pocx_assignment_multinode.py (v1): passed
feature_pocx_wire.py (v1): passed
feature_pocx_wire.py (v2): passed
feature_pocx_assignment_multinode.py (v2): passed
feature_pocx_compactblocks.py (v1): passed
feature_pocx_compactblocks.py (v2): passed
feature_pocx_submitblock_sign.py (v1): passed
feature_pocx_submitblock_sign.py (v2): passed
feature_pocx_submitnonce_key_gate.py (v1): passed
feature_pocx_submitnonce_key_gate.py (v2): passed
feature_pocx_submitnonce_payout.py (v1): passed
feature_pocx_submitnonce_payout.py (v2): passed
feature_pocx_scheduler_payout.py (v1): passed
feature_pocx_scheduler_payout.py (v2): passed
feature_pocx_scheduler_early_height.py (v1): passed
feature_pocx_scheduler_early_height.py (v2): passed
feature_pocx_assignment_multinode_attacks.py (v1): passed
feature_pocx_assignment_multinode_attacks.py (v2): passed
feature_abortnode.py (v1): passed
feature_abortnode.py (v2): passed
feature_reindex.py (v1): passed
feature_reindex.py (v2): passed
rpc_help.py (v1): passed
rpc_help.py (v2): passed
feature_blocksdir.py (v1): passed
feature_blocksdir.py (v2): passed
feature_pocx_premined.py (v1): passed
feature_pocx_premined.py (v2): passed
mempool_accept.py (v1): passed
rpc_signrawtransactionwithkey.py (v1): passed
rpc_signrawtransactionwithkey.py (v2): passed
mempool_accept.py (v2): passed
wallet_signrawtransactionwithwallet.py (v1): passed
wallet_signrawtransactionwithwallet.py (v2): passed
rpc_invalidateblock.py (v1): passed
rpc_preciousblock.py (v1): passed
rpc_invalidateblock.py (v2): passed
rpc_preciousblock.py (v2): passed
feature_index_prune.py (v2): passed
feature_index_prune.py (v1): passed
feature_pocx_fork_fixture.py (v1): passed
feature_pocx_fork_fixture.py (v2): passed
mempool_resurrect.py (v1): passed
mempool_resurrect.py (v2): passed
wallet_balance.py (v1): passed
mempool_reorg.py (v1): passed
wallet_balance.py (v2): passed
wallet_simulaterawtx.py (v1): passed
mempool_reorg.py (v2): passed
wallet_simulaterawtx.py (v2): passed
wallet_send.py (v1): passed
wallet_send.py (v2): passed
wallet_basic.py (v2): passed
wallet_basic.py (v1): passed
wallet_multiwallet.py (v1): passed
wallet_multiwallet.py (v2): passed
wallet_fundrawtransaction.py (v1): passed
wallet_fundrawtransaction.py (v2): passed
wallet_multiwallet.py --usecli (v1): passed
wallet_multiwallet.py --usecli (v2): passed
mempool_packages.py (v1): passed
mempool_packages.py (v2): passed
mempool_package_rbf.py (v1): passed
mempool_package_rbf.py (v2): passed
rpc_packages.py (v1): passed
rpc_packages.py (v2): passed
mempool_truc.py (v1): passed
feature_pruning.py (v1): passed
mempool_truc.py (v2): passed
feature_pruning.py (v2): passed
mempool_accept_wtxid.py (v2): passed
mempool_accept_wtxid.py (v1): passed
feature_pocx_assignment_signers.py (v2): passed
feature_pocx_assignment_signers.py (v1): passed
p2p_tx_privacy.py (v1): passed
p2p_tx_privacy.py (v2): passed
mempool_limit.py (v1): passed
p2p_tx_download.py (v1): passed
p2p_tx_download.py (v2): passed
mempool_ephemeral_dust.py (v1): passed
mempool_ephemeral_dust.py (v2): passed
mempool_limit.py (v2): passed
p2p_invalid_block.py (v1): passed
p2p_invalid_block.py (v2): passed
mempool_unbroadcast.py (v1): passed
p2p_invalid_tx.py (v1): passed
p2p_invalid_tx.py (v2): passed
mempool_persist.py (v1): passed
mempool_unbroadcast.py (v2): passed
p2p_mutated_blocks.py (v1): passed
p2p_mutated_blocks.py (v2): passed
p2p_block_sync.py (v1): passed
p2p_block_sync.py (v2): passed
p2p_compactblocks_hb.py (v1): passed
p2p_compactblocks_hb.py (v2): passed
mempool_persist.py (v2): passed
p2p_fingerprint.py (v1): passed
p2p_fingerprint.py (v2): passed
p2p_v2_transport.py (v1): passed
p2p_v2_transport.py (v2): passed
p2p_v2_encrypted.py (v1): passed
p2p_invalid_messages.py (v1): passed
p2p_v2_encrypted.py (v2): passed
p2p_disconnect_ban.py (v1): passed
p2p_invalid_messages.py (v2): passed
rpc_net.py (v1): passed
rpc_net.py (v2): passed
p2p_disconnect_ban.py (v2): passed
p2p_compactblocks.py (v1): passed
p2p_addrfetch.py (v1): passed
p2p_compactblocks.py (v2): passed
p2p_addrfetch.py (v2): passed
p2p_addr_selfannouncement.py (v1): passed
p2p_addr_selfannouncement.py (v2): passed
feature_framework_testshell.py (v1): passed
feature_framework_testshell.py (v2): passed
p2p_addr_relay.py (v1): passed
rpc_deriveaddresses.py (v1): passed
p2p_addr_relay.py (v2): passed
rpc_deriveaddresses.py (v2): passed
rpc_deriveaddresses.py --usecli (v1): passed
rpc_deriveaddresses.py --usecli (v2): passed
feature_init.py (v1): passed
feature_init.py (v2): passed
rpc_decodescript.py (v1): passed
rpc_decodescript.py (v2): passed
rpc_generate.py (v1): passed
rpc_generate.py (v2): passed
feature_config_args.py (v1): passed
feature_config_args.py (v2): passed
tool_utils.py (v1): passed
tool_utils.py (v2): passed
wallet_signer.py (v1): passed
wallet_signer.py (v2): passed
p2p_seednode.py (v1): passed
wallet_taproot.py (v2): passed
wallet_taproot.py (v1): passed
p2p_seednode.py (v2): passed
p2p_addrv2_relay.py (v1): passed
p2p_addrv2_relay.py (v2): passed
p2p_getaddr_caching.py (v1): passed
p2p_getaddr_caching.py (v2): passed
interface_rpc.py (v1): passed
interface_rpc.py (v2): passed
wallet_change_address.py (v1): passed
p2p_leak.py (v1): passed
p2p_leak.py (v2): passed
wallet_change_address.py (v2): passed
wallet_importprunedfunds.py (v1): passed
wallet_importprunedfunds.py (v2): passed
wallet_groups.py (v1): passed
wallet_hd.py (v1): passed
wallet_groups.py (v2): passed
wallet_hd.py (v2): passed
wallet_listsinceblock.py (v1): passed
wallet_listsinceblock.py (v2): passed
p2p_leak_tx.py (v1): passed
p2p_leak_tx.py (v2): passed
p2p_blocksonly.py (v1): passed
wallet_bumpfee.py (v1): passed
wallet_bumpfee.py (v2): passed
p2p_permissions.py (v1): passed
p2p_permissions.py (v2): passed
p2p_1p1c_network.py (v1): passed
p2p_blocksonly.py (v2): passed
p2p_handshake.py (v1): passed
p2p_handshake.py (v2): passed
feature_cltv.py (v1): passed
p2p_1p1c_network.py (v2): passed
feature_cltv.py (v2): passed
feature_dersig.py (v1): passed
example_test.py (v1): passed
feature_dersig.py (v2): passed
example_test.py (v2): passed
wallet_txn_clone.py (v1): passed
wallet_txn_clone.py (v2): passed
wallet_txn_clone.py --segwit (v1): passed
wallet_txn_clone.py --segwit (v2): passed
wallet_txn_clone.py --mineblock (v2): passed
wallet_txn_clone.py --mineblock (v1): passed
p2p_orphan_handling.py (v1): passed
wallet_txn_doublespend.py --mineblock (v1): passed
wallet_txn_doublespend.py --mineblock (v2): passed
wallet_txn_doublespend.py (v1): passed
wallet_txn_doublespend.py (v2): passed
feature_nulldummy.py (v2): passed
feature_nulldummy.py (v1): passed
feature_loadblock.py (v1): passed
feature_loadblock.py (v2): passed
wallet_keypool_topup.py (v1): passed
wallet_labels.py (v2): passed
wallet_labels.py (v1): passed
wallet_keypool_topup.py (v2): passed
wallet_listreceivedby.py (v1): passed
wallet_reindex.py (v1): passed
wallet_reindex.py (v2): passed
wallet_listreceivedby.py (v2): passed
wallet_listtransactions.py (v2): passed
wallet_listtransactions.py (v1): passed
wallet_reorgsrestore.py (v1): passed
wallet_reorgsrestore.py (v2): passed
rpc_createmultisig.py (v1): passed
rpc_getblockfilter.py (v1): passed
rpc_getblockfilter.py (v2): passed
rpc_createmultisig.py (v2): passed
wallet_multisig_descriptor_psbt.py (v2): passed
wallet_multisig_descriptor_psbt.py (v1): passed
wallet_avoid_mixing_output_types.py (v2): passed
wallet_avoid_mixing_output_types.py (v1): passed
p2p_orphan_handling.py (v2): passed
wallet_orphanedreward.py (v1): passed
wallet_anchor.py (v1): passed
wallet_anchor.py (v2): passed
rpc_validateaddress.py (v1): passed
wallet_orphanedreward.py (v2): passed
rpc_validateaddress.py (v2): passed
rpc_invalid_address_message.py (v1): passed
rpc_invalid_address_message.py (v2): passed
wallet_backup.py (v1): passed
wallet_backup.py (v2): passed
rpc_psbt.py (v1): passed
rpc_psbt.py (v2): passed
p2p_blockfilters.py (v1): passed
p2p_blockfilters.py (v2): passed
tool_wallet.py (v1): passed
p2p_node_network_limited.py (v1): passed
p2p_node_network_limited.py (v2): passed
tool_wallet.py (v2): passed
wallet_sendall.py (v1): passed
wallet_sendall.py (v2): passed
wallet_descriptor.py (v1): passed
wallet_fallbackfee.py (v1): passed
wallet_descriptor.py (v2): passed
feature_reindex_readonly.py (v1): passed
feature_reindex_readonly.py (v2): passed
wallet_fallbackfee.py (v2): passed
feature_notifications.py (v2): passed
feature_notifications.py (v1): passed
rpc_scanblocks.py (v1): passed
rpc_scanblocks.py (v2): passed
rpc_scantxoutset.py (v1): passed
rpc_scantxoutset.py (v2): passed
wallet_resendwallettransactions.py (v1): passed
mining_getblocktemplate_longpoll.py (v1): passed
mining_getblocktemplate_longpoll.py (v2): passed
wallet_resendwallettransactions.py (v2): passed
feature_maxtipage.py (v1): passed
p2p_outbound_eviction.py (v1): passed
p2p_outbound_eviction.py (v2): passed
feature_maxtipage.py (v2): passed
p2p_private_broadcast.py (v1): passed
p2p_private_broadcast.py (v2): passed
interface_rest.py (v1): passed
interface_rest.py (v2): passed
rpc_getchaintips.py (v1): passed
rpc_getchaintips.py (v2): passed
interface_http.py (v1): passed
interface_http.py (v2): passed
p2p_ibd_txrelay.py (v1): passed
p2p_ibd_txrelay.py (v2): passed
p2p_eviction.py (v1): passed
wallet_transactiontime_rescan.py (v1): passed
feature_presegwit_node_upgrade.py (v1): passed
p2p_eviction.py (v2): passed
feature_presegwit_node_upgrade.py (v2): passed
wallet_transactiontime_rescan.py (v2): passed
interface_bitcoin_cli.py (v1): passed
interface_bitcoin_cli.py (v2): passed
wallet_importdescriptors.py (v1): passed
wallet_importdescriptors.py (v2): passed
feature_chain_tiebreaks.py (v1): passed
feature_chain_tiebreaks.py (v2): passed
feature_bip68_sequence.py (v1): passed
feature_bip68_sequence.py (v2): passed
feature_minchainwork.py (v1): passed
feature_minchainwork.py (v2): passed
mining_prioritisetransaction.py (v1): passed
mining_template_verification.py (v1): passed
mining_template_verification.py (v2): passed
mining_prioritisetransaction.py (v2): passed
p2p_initial_headers_sync.py (v1): passed
p2p_initial_headers_sync.py (v2): passed
wallet_v3_txs.py (v1): passed
wallet_v3_txs.py (v2): passed
feature_rbf.py (v2): passed
feature_rbf.py (v1): passed
feature_utxo_set_hash.py (v1): passed
feature_utxo_set_hash.py (v2): passed
feature_remove_pruned_files_on_startup.py (v1): passed
feature_remove_pruned_files_on_startup.py (v2): passed
feature_versionbits_warning.py (v1): passed
feature_versionbits_warning.py (v2): passed
rpc_getblockfrompeer.py (v1): passed
rpc_getblockfrompeer.py (v2): passed
feature_coinstatsindex.py (v1): passed
feature_csv_activation.py (v1): passed
feature_coinstatsindex.py (v2): passed
feature_csv_activation.py (v2): passed
p2p_ibd_stalling.py (v1): passed
p2p_ibd_stalling.py (v2): passed
p2p_unrequested_blocks.py (v1): passed
p2p_unrequested_blocks.py (v2): passed
mempool_updatefromblock.py (v1): passed
mempool_updatefromblock.py (v2): passed
p2p_headers_sync_with_minchainwork.py (v1): passed
rpc_getblockstats.py (v1): passed
rpc_getblockstats.py (v2): passed
p2p_headers_sync_with_minchainwork.py (v2): passed
rpc_blockchain.py (v1): passed
rpc_dumptxoutset.py (v1): passed
rpc_dumptxoutset.py (v2): passed
rpc_blockchain.py (v2): passed
feature_assumeutxo.py (v1): passed
feature_assumeutxo.py (v2): passed
wallet_assumeutxo.py (v1): passed
wallet_assumeutxo.py (v2): passed
mining_basic.py (v1): passed
mining_basic.py (v2): passed
feature_segwit.py (v1): passed
feature_segwit.py (v2): passed
feature_taproot.py (v1): passed
feature_taproot.py (v2): passed
feature_assumevalid.py (v2): passed
feature_assumevalid.py (v1): passed
p2p_segwit.py (v1): passed
feature_signet.py (v1): passed
feature_signet.py (v2): passed
tool_signet_miner.py (v1): passed
tool_signet_miner.py (v2): passed
feature_filelock.py (v1): passed
feature_filelock.py (v2): passed
feature_logging.py (v1): passed
p2p_segwit.py (v2): passed
p2p_sendheaders.py (v1): passed
p2p_sendheaders.py (v2): passed
feature_settings.py (v1): passed
feature_shutdown.py (v1): passed
feature_settings.py (v2): passed
feature_logging.py (v2): passed
feature_posix_fs_permissions.py (v1): passed
feature_posix_fs_permissions.py (v2): passed
feature_help.py (v1): passed
feature_help.py (v2): passed
feature_shutdown.py (v2): passed
rpc_uptime.py (v1): passed
feature_uacomment.py (v2): passed
feature_uacomment.py (v1): passed
rpc_uptime.py (v2): passed
p2p_ping.py (v1): passed
p2p_ping.py (v2): passed
wallet_disable.py (v1): passed
rpc_setban.py (v1): passed
wallet_disable.py (v2): passed
rpc_setban.py (v2): passed
wallet_startup.py (v1): passed
rpc_getdescriptorinfo.py (v1): passed
wallet_startup.py (v2): passed
rpc_getdescriptorinfo.py (v2): passed
mempool_spend_coinbase.py (v1): passed
wallet_coinbase_category.py (v1): passed
mempool_spend_coinbase.py (v2): passed
wallet_coinbase_category.py (v2): passed
mempool_package_limits.py (v1): passed
mempool_package_limits.py (v2): passed
rpc_rawtransaction.py (v1): passed
rpc_rawtransaction.py (v2): passed
mempool_datacarrier.py (v1): passed
mempool_datacarrier.py (v2): passed
mempool_dust.py (v1): passed
mempool_dust.py (v2): passed
mempool_expiry.py (v1): passed
mempool_expiry.py (v2): passed
mempool_cluster.py (v1): passed
mempool_sigoplimit.py (v1): passed
mempool_cluster.py (v2): passed
mempool_sigoplimit.py (v2): passed
p2p_getdata.py (v1): passed
p2p_compactblocks_blocksonly.py (v1): passed
p2p_getdata.py (v2): passed
p2p_compactblocks_blocksonly.py (v2): passed
p2p_message_capture.py (v1): passed
feature_block.py (v1): passed
p2p_message_capture.py (v2): passed
p2p_v2_misbehaving.py (v1): passed
p2p_v2_misbehaving.py (v2): passed
feature_addrman.py (v1): passed
feature_addrman.py (v2): passed
feature_anchors.py (v1): passed
feature_anchors.py (v2): passed
feature_bind_port_discover.py (v1): skipped
feature_bind_port_discover.py (v2): skipped
feature_bind_extra.py (v1): passed
feature_bind_port_externalip.py (v1): skipped
feature_bind_extra.py (v2): passed
feature_bind_port_externalip.py (v2): skipped
feature_coinstatsindex_compatibility.py (v1): skipped
feature_asmap.py (v1): passed
feature_coinstatsindex_compatibility.py (v2): skipped
feature_dirsymlinks.py (v1): passed
feature_blocksxor.py (v2): passed
feature_blocksxor.py (v1): passed
feature_dirsymlinks.py (v2): passed
feature_asmap.py (v2): passed
feature_fastprune.py (v1): passed
feature_fastprune.py (v2): passed
feature_discover.py (v1): passed
feature_discover.py (v2): passed
feature_block.py (v2): passed
feature_framework_miniwallet.py (v1): passed
feature_framework_miniwallet.py (v2): passed
feature_framework_unit_tests.py (v1): passed
feature_framework_unit_tests.py (v2): passed
feature_framework_startup_failures.py (v1): passed
feature_includeconf.py (v1): passed
feature_includeconf.py (v2): passed
feature_framework_startup_failures.py (v2): passed
feature_port.py (v1): passed
feature_port.py (v2): passed
feature_proxy.py (v1): passed
feature_proxy.py (v2): passed
feature_reindex_init.py (v1): passed
feature_reindex_init.py (v2): passed
feature_fee_estimation.py (v1): passed
feature_startupnotify.py (v1): passed
feature_unsupported_utxo_db.py (v1): skipped
feature_unsupported_utxo_db.py (v2): skipped
feature_startupnotify.py (v2): passed
interface_ipc.py (v1): skipped
interface_ipc.py (v2): skipped
interface_ipc_mining.py (v1): skipped
interface_ipc_mining.py (v2): skipped
interface_usdt_coinselection.py (v1): skipped
interface_usdt_coinselection.py (v2): skipped
interface_usdt_mempool.py (v1): skipped
interface_usdt_mempool.py (v2): skipped
interface_usdt_net.py (v1): skipped
interface_usdt_net.py (v2): skipped
interface_usdt_utxocache.py (v1): skipped
interface_usdt_utxocache.py (v2): skipped
interface_usdt_validation.py (v1): skipped
interface_zmq.py (v1): skipped
interface_usdt_validation.py (v2): skipped
interface_zmq.py (v2): skipped
mempool_compatibility.py (v2): skipped
mempool_compatibility.py (v1): skipped
feature_fee_estimation.py (v2): passed
p2p_add_connections.py (v1): passed
p2p_add_connections.py (v2): passed
p2p_feefilter.py (v1): passed
p2p_feefilter.py (v2): passed
p2p_filter.py (v1): passed
p2p_filter.py (v2): passed
p2p_i2p_ports.py (v1): passed
p2p_i2p_ports.py (v2): passed
p2p_i2p_sessions.py (v1): passed
p2p_i2p_sessions.py (v2): passed
p2p_invalid_locator.py (v1): passed
p2p_invalid_locator.py (v2): passed
p2p_net_deadlock.py (v1): passed
p2p_dns_seeds.py (v1): passed
p2p_net_deadlock.py (v2): passed
p2p_nobloomfilter_messages.py (v1): passed
p2p_dns_seeds.py (v2): passed
p2p_nobloomfilter_messages.py (v2): passed
p2p_private_broadcast_retry_v1.py (v2): passed
p2p_private_broadcast_retry_v1.py (v1): passed
p2p_sendtxrcncl.py (v1): passed
p2p_timeouts.py (v1): passed
p2p_sendtxrcncl.py (v2): passed
p2p_timeouts.py (v2): passed
feature_maxuploadtarget.py (v1): passed
rpc_bind.py --ipv4 (v1): passed
feature_maxuploadtarget.py (v2): passed
rpc_bind.py --ipv4 (v2): passed
rpc_bind.py --nonloopback (v1): passed
rpc_bind.py --ipv6 (v1): passed
rpc_bind.py --ipv6 (v2): passed
rpc_bind.py --nonloopback (v2): passed
rpc_deprecated.py (v1): passed
rpc_deprecated.py (v2): passed
rpc_estimatefee.py (v1): passed
rpc_estimatefee.py (v2): passed
rpc_getdescriptoractivity.py (v1): passed
rpc_getdescriptoractivity.py (v2): passed
rpc_gettxspendingprevout.py (v1): passed
rpc_misc.py (v1): passed
rpc_gettxspendingprevout.py (v2): passed
rpc_misc.py (v2): passed
rpc_named_arguments.py (v1): passed
rpc_named_arguments.py (v2): passed
rpc_orphans.py (v1): passed
rpc_orphans.py (v2): passed
rpc_signmessagewithprivkey.py (v1): passed
rpc_signmessagewithprivkey.py (v2): passed
rpc_signer.py (v1): passed
rpc_signer.py (v2): passed
rpc_txoutproof.py (v1): passed
rpc_txoutproof.py (v2): passed
rpc_whitelist.py (v1): passed
rpc_whitelist.py (v2): passed
tool_bitcoin.py (v1): passed
tool_bitcoin.py (v2): passed
tool_bitcoin_chainstate.py (v2): skipped
tool_bitcoin_chainstate.py (v1): skipped
tool_rpcauth.py (v2): passed
tool_rpcauth.py (v1): passed
tool_utxo_to_sqlite.py (v1): passed
tool_utxo_to_sqlite.py (v2): passed
rpc_users.py (v1): passed
rpc_users.py (v2): passed
wallet_abandonconflict.py (v1): passed
wallet_abandonconflict.py (v2): passed
p2p_opportunistic_1p1c.py (v1): passed
wallet_backwards_compatibility.py (v1): skipped
wallet_backwards_compatibility.py (v2): skipped
wallet_blank.py (v1): passed
wallet_blank.py (v2): passed
wallet_avoidreuse.py (v1): passed
wallet_avoidreuse.py (v2): passed
wallet_create_tx.py (v1): passed
wallet_address_types.py (v1): passed
wallet_address_types.py (v2): passed
wallet_create_tx.py (v2): passed
wallet_createwallet.py --usecli (v1): passed
wallet_createwallet.py --usecli (v2): passed
wallet_createwalletdescriptor.py (v1): passed
wallet_createwallet.py (v1): passed
wallet_crosschain.py (v1): passed
wallet_createwalletdescriptor.py (v2): passed
wallet_createwallet.py (v2): passed
wallet_crosschain.py (v2): passed
wallet_fast_rescan.py (v1): passed
wallet_encryption.py (v1): passed
wallet_encryption.py (v2): passed
wallet_gethdkeys.py (v1): passed
wallet_gethdkeys.py (v2): passed
wallet_fast_rescan.py (v2): passed
wallet_keypool.py (v1): passed
wallet_keypool.py (v2): passed
wallet_migration.py (v1): skipped
wallet_migration.py (v2): skipped
wallet_listdescriptors.py (v1): passed
p2p_opportunistic_1p1c.py (v2): passed
wallet_listdescriptors.py (v2): passed
wallet_miniscript_decaying_multisig_descriptor_psbt.py (v1): passed
wallet_miniscript_decaying_multisig_descriptor_psbt.py (v2): passed
wallet_musig.py (v1): passed
wallet_musig.py (v2): passed
wallet_rescan_unconfirmed.py (v1): passed
wallet_rescan_unconfirmed.py (v2): passed
wallet_sendmany.py (v1): passed
wallet_sendmany.py (v2): passed
wallet_signmessagewithaddress.py (v1): passed
wallet_signmessagewithaddress.py (v2): passed
wallet_miniscript.py (v2): passed
wallet_spend_unconfirmed.py (v1): passed
wallet_spend_unconfirmed.py (v2): passed
wallet_miniscript.py (v1): passed
tool_bench_sanity_check.py (v1): skipped
tool_bench_sanity_check.py (v2): skipped
wallet_timelock.py (v1): passed
wallet_timelock.py (v2): passed
wallet_conflicts.py (v2): passed
wallet_conflicts.py (v1): passed
feature_dbcrash.py (v1): passed
feature_dbcrash.py (v2): passed
Results: /home/johnny/Code/bitcoin-pocx/bitcoin-functional-package-20261009/build-functional-checkpoint/pocx-results-oh7igcgf
{
  "status": "passed",
  "scope": "Complete current-input functional selection for the declared build/environment profile; reviewed skips are unverified feature combinations and are never counted as passes.",
  "counts_by_transport": {
    "v1": {
      "passed": 278,
      "skipped": 17
    },
    "v2": {
      "passed": 278,
      "skipped": 17
    }
  },
  "execution_report": "build-functional-checkpoint/pocx-results-oh7igcgf/results.json",
  "execution_report_sha256": "b9da1bbd50d387c5c049f3f5325d2c7b0475a135e7394c9bc19223c1f9249989",
  "policy_sha256": "668fa3587439eb4c93e296926730507a72664af478e8ed9f913e9f2a9902d5c0"
}
